// Jest Snapshot v1, https://goo.gl/fbAQLP

exports[`exports records api surface area 1`] = `
{
  "HyperModel": [Function],
  "HyperModelError": [Function],
  "ModelAssertionError": [Function],
  "Schema": {
    "AfterBulkCreate": [Function],
    "AfterBulkDestroy": [Function],
    "AfterBulkRestore": [Function],
    "AfterBulkSync": [Function],
    "AfterBulkUpdate": [Function],
    "AfterConnect": [Function],
    "AfterCreate": [Function],
    "AfterDefine": [Function],
    "AfterDestroy": [Function],
    "AfterFind": [Function],
    "AfterInit": [Function],
    "AfterRestore": [Function],
    "AfterSave": [Function],
    "AfterSync": [Function],
    "AfterUpdate": [Function],
    "AfterUpsert": [Function],
    "AfterValidate": [Function],
    "AllowNull": [Function],
    "Association": {
      "BelongsTo": "belongsTo",
      "BelongsToMany": "belongsToMany",
      "HasMany": "hasMany",
      "HasOne": "hasOne",
    },
    "AutoIncrement": [Function],
    "BaseAssociation": [Function],
    "BeforeBulkCreate": [Function],
    "BeforeBulkDestroy": [Function],
    "BeforeBulkRestore": [Function],
    "BeforeBulkSync": [Function],
    "BeforeBulkUpdate": [Function],
    "BeforeConnect": [Function],
    "BeforeCount": [Function],
    "BeforeCreate": [Function],
    "BeforeDefine": [Function],
    "BeforeDestroy": [Function],
    "BeforeFind": [Function],
    "BeforeFindAfterExpandIncludeAll": [Function],
    "BeforeFindAfterOptions": [Function],
    "BeforeInit": [Function],
    "BeforeRestore": [Function],
    "BeforeSave": [Function],
    "BeforeSync": [Function],
    "BeforeUpdate": [Function],
    "BeforeUpsert": [Function],
    "BeforeValidate": [Function],
    "BelongsTo": [Function],
    "BelongsToAssociation": [Function],
    "BelongsToMany": [Function],
    "BelongsToManyAssociation": [Function],
    "Column": [Function],
    "Comment": [Function],
    "Contains": [Function],
    "CreatedAt": [Function],
    "DataType": {
      "ABSTRACT": [Function],
      "ARRAY": [Function],
      "BIGINT": [Function],
      "BLOB": [Function],
      "BOOLEAN": [Function],
      "CHAR": [Function],
      "CIDR": [Function],
      "CITEXT": [Function],
      "DATE": [Function],
      "DATEONLY": [Function],
      "DECIMAL": [Function],
      "DOUBLE": [Function],
      "DOUBLE PRECISION": [Function],
      "ENUM": [Function],
      "FLOAT": [Function],
      "GEOGRAPHY": [Function],
      "GEOMETRY": [Function],
      "HSTORE": [Function],
      "INET": [Function],
      "INTEGER": [Function],
      "JSON": [Function],
      "JSONB": [Function],
      "MACADDR": [Function],
      "MEDIUMINT": [Function],
      "NOW": [Function],
      "NUMBER": [Function],
      "NUMERIC": [Function],
      "RANGE": [Function],
      "REAL": [Function],
      "SMALLINT": [Function],
      "STRING": [Function],
      "TEXT": [Function],
      "TIME": [Function],
      "TINYINT": [Function],
      "TSVECTOR": [Function],
      "UUID": [Function],
      "UUIDV1": [Function],
      "UUIDV4": [Function],
      "VIRTUAL": [Function],
      "db2": {
        "BIGINT": [Function],
        "BLOB": [Function],
        "BOOLEAN": [Function],
        "DATE": [Function],
        "DATEONLY": [Function],
        "DOUBLE": [Function],
        "DOUBLE PRECISION": [Function],
        "ENUM": [Function],
        "FLOAT": [Function],
        "INTEGER": [Function],
        "NOW": [Function],
        "REAL": [Function],
        "SMALLINT": [Function],
        "STRING": [Function],
        "TEXT": [Function],
        "TINYINT": [Function],
        "UUID": [Function],
      },
      "mariadb": {
        "DATE": [Function],
        "DATEONLY": [Function],
        "DECIMAL": [Function],
        "ENUM": [Function],
        "GEOMETRY": [Function],
        "JSON": [Function],
        "UUID": [Function],
      },
      "mssql": {
        "BIGINT": [Function],
        "BLOB": [Function],
        "BOOLEAN": [Function],
        "DATE": [Function],
        "DATEONLY": [Function],
        "ENUM": [Function],
        "FLOAT": [Function],
        "INTEGER": [Function],
        "NOW": [Function],
        "REAL": [Function],
        "SMALLINT": [Function],
        "STRING": [Function],
        "TEXT": [Function],
        "TINYINT": [Function],
        "UUID": [Function],
      },
      "mysql": {
        "DATE": [Function],
        "DATEONLY": [Function],
        "DECIMAL": [Function],
        "ENUM": [Function],
        "GEOMETRY": [Function],
        "JSON": [Function],
        "UUID": [Function],
      },
      "oracle": {
        "BIGINT": [Function],
        "BLOB": [Function],
        "BOOLEAN": [Function],
        "CHAR": [Function],
        "DATE": [Function],
        "DATEONLY": [Function],
        "DECIMAL": [Function],
        "DOUBLE": [Function],
        "DOUBLE PRECISION": [Function],
        "ENUM": [Function],
        "FLOAT": [Function],
        "INTEGER": [Function],
        "JSON": [Function],
        "MEDIUMINT": [Function],
        "NOW": [Function],
        "NUMBER": [Function],
        "REAL": [Function],
        "SMALLINT": [Function],
        "STRING": [Function],
        "TEXT": [Function],
        "TINYINT": [Function],
        "UUID": [Function],
      },
      "postgres": {
        "BIGINT": [Function],
        "BLOB": [Function],
        "BOOLEAN": [Function],
        "CHAR": [Function],
        "CITEXT": [Function],
        "DATE": [Function],
        "DATEONLY": [Function],
        "DECIMAL": [Function],
        "DOUBLE PRECISION": [Function],
        "ENUM": [Function],
        "FLOAT": [Function],
        "GEOGRAPHY": [Function],
        "GEOMETRY": [Function],
        "HSTORE": [Function],
        "INTEGER": [Function],
        "RANGE": [Function],
        "REAL": [Function],
        "SMALLINT": [Function],
        "STRING": [Function],
        "TEXT": [Function],
        "TINYINT": [Function],
      },
      "snowflake": {
        "BOOLEAN": [Function],
        "DATE": [Function],
        "DATEONLY": [Function],
        "JSON": [Function],
        "TEXT": [Function],
        "UUID": [Function],
      },
      "sqlite": {
        "BIGINT": [Function],
        "CHAR": [Function],
        "CITEXT": [Function],
        "DATE": [Function],
        "DATEONLY": [Function],
        "DOUBLE PRECISION": [Function],
        "ENUM": [Function],
        "FLOAT": [Function],
        "INTEGER": [Function],
        "JSON": [Function],
        "MEDIUMINT": [Function],
        "NUMBER": [Function],
        "REAL": [Function],
        "SMALLINT": [Function],
        "STRING": [Function],
        "TEXT": [Function],
        "TINYINT": [Function],
      },
    },
    "Default": [Function],
    "DefaultScope": [Function],
    "DeletedAt": [Function],
    "Equals": [Function],
    "ForeignKey": [Function],
    "HasAssociation": [Function],
    "HasMany": [Function],
    "HasOne": [Function],
    "INFER_ALIAS_MAP": {
      "aggregate": 2,
      "all": 0,
      "build": 1,
      "bulkBuild": 1,
      "create": 1,
      "find": 0,
      "findAll": 0,
      "findAndCount": 0,
      "findAndCountAll": 0,
      "findById": 1,
      "findByPrimary": 1,
      "findCreateFind": 0,
      "findOne": 0,
      "findOrBuild": 0,
      "findOrCreate": 0,
      "findOrInitialize": 0,
      "reload": 0,
    },
    "Index": [Function],
    "Is": [Function],
    "IsAfter": [Function],
    "IsAlpha": [Function],
    "IsAlphanumeric": [Function],
    "IsArray": [Function],
    "IsBefore": [Function],
    "IsCreditCard": [Function],
    "IsDate": [Function],
    "IsDecimal": [Function],
    "IsEmail": [Function],
    "IsFloat": [Function],
    "IsIP": [Function],
    "IsIPv4": [Function],
    "IsIPv6": [Function],
    "IsIn": [Function],
    "IsInt": [Function],
    "IsLowercase": [Function],
    "IsNull": [Function],
    "IsNumeric": [Function],
    "IsUUID": [Function],
    "IsUppercase": [Function],
    "IsUrl": [Function],
    "Length": [Function],
    "Max": [Function],
    "Min": [Function],
    "Model": [Function],
    "Not": [Function],
    "NotContains": [Function],
    "NotEmpty": [Function],
    "NotIn": [Function],
    "NotNull": [Function],
    "PrimaryKey": [Function],
    "Scopes": [Function],
    "Sequelize": [Function],
    "Table": [Function],
    "UUIDPK": [Function],
    "Unique": [Function],
    "UpdatedAt": [Function],
    "Validate": [Function],
    "ValidationFailed": [Function],
    "Validator": [Function],
    "addAssociation": [Function],
    "addAttribute": [Function],
    "addAttributeOptions": [Function],
    "addFieldToIndex": [Function],
    "addHook": [Function],
    "addOptions": [Function],
    "addScopeOptions": [Function],
    "addScopeOptionsGetter": [Function],
    "annotateModelWithIndex": [Function],
    "createIndexDecorator": [Function],
    "getAssociations": [Function],
    "getAssociationsByRelation": [Function],
    "getAttributes": [Function],
    "getHooks": [Function],
    "getIndexes": [Function],
    "getModelName": [Function],
    "getModels": [Function],
    "getOptions": [Function],
    "getPreparedAssociationOptions": [Function],
    "getScopeOptions": [Function],
    "getScopeOptionsGetters": [Function],
    "getSequelizeTypeByDesignType": [Function],
    "implementHookDecorator": [Function],
    "inferDataType": [Function],
    "installHooks": [Function],
    "isDataType": [Function],
    "prepareArgs": [Function],
    "prepareOptions": [Function],
    "resolveModelGetter": [Function],
    "resolveScope": [Function],
    "resolveScopes": [Function],
    "resolvesDeprecatedScopes": [Function],
    "setAssociations": [Function],
    "setAttributes": [Function],
    "setHooks": [Function],
    "setIndexes": [Function],
    "setModelName": [Function],
    "setOptions": [Function],
    "setScopeOptionsGetters": [Function],
    "verbose": [Function],
  },
  "buildModels": [Function],
  "converge": [Function],
  "dropSchema": [Function],
  "generateHexToken": [Function],
  "hashPassword": [Function],
  "migrate": [Function],
  "syncSchema": [Function],
  "tableBuilder": {
    "bool": [Function],
    "build": [Function],
    "date": [Function],
    "int": [Function],
    "intFK": [Function],
    "intPK": [Function],
    "json": [Function],
    "nonNullDate": [Function],
    "nonNullInt": [Function],
    "nonNullString": [Function],
    "string": [Function],
    "text": [Function],
    "timestamps": [Function],
    "uniqueConstraint": [Function],
    "uniqueString": [Function],
  },
  "truncate": [Function],
  "verifyPassword": [Function],
}
`;
