// Jest Snapshot v1, https://goo.gl/fbAQLP

exports[`models buildModels 1`] = `
{
  "PopBand": [Function],
}
`;

exports[`models buildModels 2`] = `
{
  "createdAt": 1970-01-01T00:00:01.981Z,
  "email": "slash@gnr.com",
  "frontman": "slash",
  "id": 1,
  "updatedAt": 1970-01-01T00:00:01.981Z,
}
`;

exports[`models buildModels 3`] = `
{
  "frontman": "slash",
}
`;

exports[`models buildModels 4`] = `
{
  "frontman": "bruce",
}
`;
