// Jest Snapshot v1, https://goo.gl/fbAQLP

exports[`exports records api surface area 1`] = `
{
  "HyperWorker": [Function],
  "Mailer": [Function],
  "buildWorkers": [Function],
  "getJobCounts": [Function],
  "producerOnly": [Function],
  "queueAs": [Function],
}
`;
