// Jest Snapshot v1, https://goo.gl/fbAQLP

exports[`mailer should email 1`] = `
Object {
  "envelope": Object {
    "from": "no-reply@elle-postage.example.com",
    "to": Array [
      "juan@fangio.example.com",
    ],
  },
  "message": "{\\"from\\":{\\"address\\":\\"no-reply@elle-postage.example.com\\",\\"name\\":\\"Elle Postage\\"},\\"to\\":[{\\"address\\":\\"juan@fangio.example.com\\",\\"name\\":\\"\\"}],\\"attachments\\":[],\\"subject\\":\\"Welcome Juan\\",\\"html\\":\\"<html>\\\\n<body>\\\\n  hello markup <b>email</b>\\\\n</body>\\\\n</html>\\\\n\\",\\"text\\":\\"Welcome Juan, you can now log in.\\\\n\\",\\"headers\\":{},\\"messageId\\":\\"msg-id\\"}",
  "messageId": "msg-id",
  "originalMessage": Object {
    "attachments": Array [],
    "from": "Elle Postage <no-reply@elle-postage.example.com>",
    "html": "<html>
<body>
  hello markup <b>email</b>
</body>
</html>
",
    "subject": "Welcome Juan",
    "text": "Welcome Juan, you can now log in.
",
    "to": "juan@fangio.example.com",
  },
}
`;
