// Jest Snapshot v1, https://goo.gl/fbAQLP

exports[`worker: inprocess should build workers 1`] = `
{
  "from": "no-reply@elle-postage.example.com",
  "to": [
    "joe@example.com",
  ],
}
`;
