// Jest Snapshot v1, https://goo.gl/fbAQLP

exports[`worker should build workers 1`] = `
{
  "from": "no-reply@elle-postage.example.com",
  "to": [
    "joe@example.com",
  ],
}
`;

exports[`worker should build workers 2`] = `
{
  "active": 0,
  "completed": 0,
  "delayed": 0,
  "failed": 0,
  "paused": 0,
  "waiting": 0,
  "waiting-children": 0,
}
`;
