// Jest Snapshot v1, https://goo.gl/fbAQLP

exports[`exports records api surface area 1`] = `
{
  "ClassErrorMiddleware": [Function],
  "ClassMiddleware": [Function],
  "Controller": [Function],
  "Delete": [Function],
  "ErrorMiddleware": [Function],
  "Get": [Function],
  "HttpResponse": [Function],
  "HttpResponseBadRequest": [Function],
  "HttpResponseClientError": [Function],
  "HttpResponseConflict": [Function],
  "HttpResponseCreated": [Function],
  "HttpResponseForbidden": [Function],
  "HttpResponseInternalServerError": [Function],
  "HttpResponseMethodNotAllowed": [Function],
  "HttpResponseMovedPermanently": [Function],
  "HttpResponseNoContent": [Function],
  "HttpResponseNotFound": [Function],
  "HttpResponseNotImplemented": [Function],
  "HttpResponseOK": [Function],
  "HttpResponseRedirect": [Function],
  "HttpResponseRedirection": [Function],
  "HttpResponseServerError": [Function],
  "HttpResponseSuccess": [Function],
  "HttpResponseTooManyRequests": [Function],
  "HttpResponseUnauthorized": [Function],
  "Middleware": [Function],
  "ParseBody": [Function],
  "Patch": [Function],
  "Post": [Function],
  "Put": [Function],
  "ValidateBody": [Function],
  "ValidationError": [Function],
  "asOpenAPIPath": [Function],
  "asOpenAPIPathParams": [Function],
  "authWithJWT": [Function],
  "createServer": [Function],
  "err": [Function],
  "getRouteMap": [Function],
  "getRouteSnippets": [Function],
  "isHttpResponse": [Function],
  "isHttpResponseBadRequest": [Function],
  "isHttpResponseClientError": [Function],
  "isHttpResponseConflict": [Function],
  "isHttpResponseCreated": [Function],
  "isHttpResponseForbidden": [Function],
  "isHttpResponseInternalServerError": [Function],
  "isHttpResponseMethodNotAllowed": [Function],
  "isHttpResponseMovedPermanently": [Function],
  "isHttpResponseNoContent": [Function],
  "isHttpResponseNotFound": [Function],
  "isHttpResponseNotImplemented": [Function],
  "isHttpResponseOK": [Function],
  "isHttpResponseRedirect": [Function],
  "isHttpResponseRedirection": [Function],
  "isHttpResponseServerError": [Function],
  "isHttpResponseSuccess": [Function],
  "isHttpResponseTooManyRequests": [Function],
  "isHttpResponseUnauthorized": [Function],
  "listRoutes": [Function],
  "listen": [Function],
  "load": [Function],
  "notfound": [Function],
  "ok": [Function],
  "permits": [Function],
  "printRoutes": [Function],
  "requires": [Function],
  "routemapToOpenAPI": [Function],
  "unauthorized": [Function],
}
`;
