// Jest Snapshot v1, https://goo.gl/fbAQLP

exports[`middleware/set-request-ids default 1`] = `
{
  "body": {
    "its": "alright",
  },
  "headers": {
    "connection": "close",
    "content-length": "17",
    "content-security-policy": "default-src 'self';base-uri 'self';block-all-mixed-content;font-src 'self' https: data:;form-action 'self';frame-ancestors 'self';img-src 'self' data:;object-src 'none';script-src 'self';script-src-attr 'none';style-src 'self' https: 'unsafe-inline';upgrade-insecure-requests",
    "content-type": "application/json; charset=utf-8",
    "cross-origin-embedder-policy": "require-corp",
    "cross-origin-opener-policy": "same-origin",
    "cross-origin-resource-policy": "same-origin",
    "expect-ct": "max-age=0",
    "origin-agent-cluster": "?1",
    "referrer-policy": "no-referrer",
    "strict-transport-security": "max-age=15552000; includeSubDomains",
    "vary": "Accept-Encoding",
    "x-content-type-options": "nosniff",
    "x-dns-prefetch-control": "off",
    "x-download-options": "noopen",
    "x-frame-options": "SAMEORIGIN",
    "x-permitted-cross-domain-policies": "none",
    "x-xss-protection": "0",
  },
  "status": 200,
}
`;

exports[`middleware/set-request-ids default 2`] = `
{
  "body": {
    "its": "alright",
  },
  "headers": {
    "connection": "close",
    "content-length": "17",
    "content-security-policy": "default-src 'self';base-uri 'self';block-all-mixed-content;font-src 'self' https: data:;form-action 'self';frame-ancestors 'self';img-src 'self' data:;object-src 'none';script-src 'self';script-src-attr 'none';style-src 'self' https: 'unsafe-inline';upgrade-insecure-requests",
    "content-type": "application/json; charset=utf-8",
    "cross-origin-embedder-policy": "require-corp",
    "cross-origin-opener-policy": "same-origin",
    "cross-origin-resource-policy": "same-origin",
    "expect-ct": "max-age=0",
    "origin-agent-cluster": "?1",
    "referrer-policy": "no-referrer",
    "strict-transport-security": "max-age=15552000; includeSubDomains",
    "vary": "Accept-Encoding",
    "x-content-type-options": "nosniff",
    "x-dns-prefetch-control": "off",
    "x-download-options": "noopen",
    "x-frame-options": "SAMEORIGIN",
    "x-permitted-cross-domain-policies": "none",
    "x-xss-protection": "0",
  },
  "status": 200,
}
`;

exports[`middleware/set-request-ids generate 1`] = `
{
  "body": {
    "its": "alright",
  },
  "headers": {
    "connection": "close",
    "content-length": "17",
    "content-security-policy": "default-src 'self';base-uri 'self';block-all-mixed-content;font-src 'self' https: data:;form-action 'self';frame-ancestors 'self';img-src 'self' data:;object-src 'none';script-src 'self';script-src-attr 'none';style-src 'self' https: 'unsafe-inline';upgrade-insecure-requests",
    "content-type": "application/json; charset=utf-8",
    "cross-origin-embedder-policy": "require-corp",
    "cross-origin-opener-policy": "same-origin",
    "cross-origin-resource-policy": "same-origin",
    "expect-ct": "max-age=0",
    "origin-agent-cluster": "?1",
    "referrer-policy": "no-referrer",
    "strict-transport-security": "max-age=15552000; includeSubDomains",
    "vary": "Accept-Encoding",
    "x-content-type-options": "nosniff",
    "x-dns-prefetch-control": "off",
    "x-download-options": "noopen",
    "x-frame-options": "SAMEORIGIN",
    "x-permitted-cross-domain-policies": "none",
    "x-xss-protection": "0",
  },
  "status": 200,
}
`;

exports[`middleware/set-request-ids none 1`] = `
{
  "body": {
    "its": "alright",
  },
  "headers": {
    "connection": "close",
    "content-length": "17",
    "content-security-policy": "default-src 'self';base-uri 'self';block-all-mixed-content;font-src 'self' https: data:;form-action 'self';frame-ancestors 'self';img-src 'self' data:;object-src 'none';script-src 'self';script-src-attr 'none';style-src 'self' https: 'unsafe-inline';upgrade-insecure-requests",
    "content-type": "application/json; charset=utf-8",
    "cross-origin-embedder-policy": "require-corp",
    "cross-origin-opener-policy": "same-origin",
    "cross-origin-resource-policy": "same-origin",
    "expect-ct": "max-age=0",
    "origin-agent-cluster": "?1",
    "referrer-policy": "no-referrer",
    "strict-transport-security": "max-age=15552000; includeSubDomains",
    "vary": "Accept-Encoding",
    "x-content-type-options": "nosniff",
    "x-dns-prefetch-control": "off",
    "x-download-options": "noopen",
    "x-frame-options": "SAMEORIGIN",
    "x-permitted-cross-domain-policies": "none",
    "x-xss-protection": "0",
  },
  "status": 200,
}
`;

exports[`middleware/set-request-ids none 2`] = `
{
  "body": {
    "its": "alright",
  },
  "headers": {
    "connection": "close",
    "content-length": "17",
    "content-security-policy": "default-src 'self';base-uri 'self';block-all-mixed-content;font-src 'self' https: data:;form-action 'self';frame-ancestors 'self';img-src 'self' data:;object-src 'none';script-src 'self';script-src-attr 'none';style-src 'self' https: 'unsafe-inline';upgrade-insecure-requests",
    "content-type": "application/json; charset=utf-8",
    "cross-origin-embedder-policy": "require-corp",
    "cross-origin-opener-policy": "same-origin",
    "cross-origin-resource-policy": "same-origin",
    "expect-ct": "max-age=0",
    "origin-agent-cluster": "?1",
    "referrer-policy": "no-referrer",
    "strict-transport-security": "max-age=15552000; includeSubDomains",
    "vary": "Accept-Encoding",
    "x-content-type-options": "nosniff",
    "x-dns-prefetch-control": "off",
    "x-download-options": "noopen",
    "x-frame-options": "SAMEORIGIN",
    "x-permitted-cross-domain-policies": "none",
    "x-xss-protection": "0",
  },
  "status": 200,
}
`;

exports[`middleware/set-request-ids passthrough 1`] = `
{
  "body": {
    "its": "alright",
  },
  "headers": {
    "connection": "close",
    "content-length": "17",
    "content-security-policy": "default-src 'self';base-uri 'self';block-all-mixed-content;font-src 'self' https: data:;form-action 'self';frame-ancestors 'self';img-src 'self' data:;object-src 'none';script-src 'self';script-src-attr 'none';style-src 'self' https: 'unsafe-inline';upgrade-insecure-requests",
    "content-type": "application/json; charset=utf-8",
    "cross-origin-embedder-policy": "require-corp",
    "cross-origin-opener-policy": "same-origin",
    "cross-origin-resource-policy": "same-origin",
    "expect-ct": "max-age=0",
    "origin-agent-cluster": "?1",
    "referrer-policy": "no-referrer",
    "strict-transport-security": "max-age=15552000; includeSubDomains",
    "vary": "Accept-Encoding",
    "x-content-type-options": "nosniff",
    "x-dns-prefetch-control": "off",
    "x-download-options": "noopen",
    "x-frame-options": "SAMEORIGIN",
    "x-permitted-cross-domain-policies": "none",
    "x-xss-protection": "0",
  },
  "status": 200,
}
`;

exports[`middleware/set-request-ids passthrough 2`] = `
{
  "body": {
    "its": "alright",
  },
  "headers": {
    "connection": "close",
    "content-length": "17",
    "content-security-policy": "default-src 'self';base-uri 'self';block-all-mixed-content;font-src 'self' https: data:;form-action 'self';frame-ancestors 'self';img-src 'self' data:;object-src 'none';script-src 'self';script-src-attr 'none';style-src 'self' https: 'unsafe-inline';upgrade-insecure-requests",
    "content-type": "application/json; charset=utf-8",
    "cross-origin-embedder-policy": "require-corp",
    "cross-origin-opener-policy": "same-origin",
    "cross-origin-resource-policy": "same-origin",
    "expect-ct": "max-age=0",
    "origin-agent-cluster": "?1",
    "referrer-policy": "no-referrer",
    "strict-transport-security": "max-age=15552000; includeSubDomains",
    "vary": "Accept-Encoding",
    "x-content-type-options": "nosniff",
    "x-dns-prefetch-control": "off",
    "x-download-options": "noopen",
    "x-frame-options": "SAMEORIGIN",
    "x-permitted-cross-domain-policies": "none",
    "x-xss-protection": "0",
  },
  "status": 200,
}
`;

exports[`middleware/set-request-ids passthrough-or-generate 1`] = `
{
  "body": {
    "its": "alright",
  },
  "headers": {
    "connection": "close",
    "content-length": "17",
    "content-security-policy": "default-src 'self';base-uri 'self';block-all-mixed-content;font-src 'self' https: data:;form-action 'self';frame-ancestors 'self';img-src 'self' data:;object-src 'none';script-src 'self';script-src-attr 'none';style-src 'self' https: 'unsafe-inline';upgrade-insecure-requests",
    "content-type": "application/json; charset=utf-8",
    "cross-origin-embedder-policy": "require-corp",
    "cross-origin-opener-policy": "same-origin",
    "cross-origin-resource-policy": "same-origin",
    "expect-ct": "max-age=0",
    "origin-agent-cluster": "?1",
    "referrer-policy": "no-referrer",
    "strict-transport-security": "max-age=15552000; includeSubDomains",
    "vary": "Accept-Encoding",
    "x-content-type-options": "nosniff",
    "x-dns-prefetch-control": "off",
    "x-download-options": "noopen",
    "x-frame-options": "SAMEORIGIN",
    "x-permitted-cross-domain-policies": "none",
    "x-xss-protection": "0",
  },
  "status": 200,
}
`;

exports[`middleware/set-request-ids passthrough-or-generate 2`] = `
{
  "body": {
    "its": "alright",
  },
  "headers": {
    "connection": "close",
    "content-length": "17",
    "content-security-policy": "default-src 'self';base-uri 'self';block-all-mixed-content;font-src 'self' https: data:;form-action 'self';frame-ancestors 'self';img-src 'self' data:;object-src 'none';script-src 'self';script-src-attr 'none';style-src 'self' https: 'unsafe-inline';upgrade-insecure-requests",
    "content-type": "application/json; charset=utf-8",
    "cross-origin-embedder-policy": "require-corp",
    "cross-origin-opener-policy": "same-origin",
    "cross-origin-resource-policy": "same-origin",
    "expect-ct": "max-age=0",
    "origin-agent-cluster": "?1",
    "referrer-policy": "no-referrer",
    "strict-transport-security": "max-age=15552000; includeSubDomains",
    "vary": "Accept-Encoding",
    "x-content-type-options": "nosniff",
    "x-dns-prefetch-control": "off",
    "x-download-options": "noopen",
    "x-frame-options": "SAMEORIGIN",
    "x-permitted-cross-domain-policies": "none",
    "x-xss-protection": "0",
  },
  "status": 200,
}
`;
