// Jest Snapshot v1, https://goo.gl/fbAQLP

exports[`exports records api surface area 1`] = `
[
  "initializer",
  "seed",
  "task",
  "isDevelopment",
  "isProduction",
  "context",
  "cli",
  "Schema",
  "HyperModel",
  "HyperModelError",
  "ModelAssertionError",
  "hashPassword",
  "verifyPassword",
  "generateHexToken",
  "ClassErrorMiddleware",
  "ClassMiddleware",
  "Controller",
  "Delete",
  "ErrorMiddleware",
  "Get",
  "HttpResponse",
  "HttpResponseBadRequest",
  "HttpResponseClientError",
  "HttpResponseConflict",
  "HttpResponseCreated",
  "HttpResponseForbidden",
  "HttpResponseInternalServerError",
  "HttpResponseMethodNotAllowed",
  "HttpResponseMovedPermanently",
  "HttpResponseNoContent",
  "HttpResponseNotFound",
  "HttpResponseNotImplemented",
  "HttpResponseOK",
  "HttpResponseRedirect",
  "HttpResponseRedirection",
  "HttpResponseServerError",
  "HttpResponseSuccess",
  "HttpResponseTooManyRequests",
  "HttpResponseUnauthorized",
  "Middleware",
  "ParseBody",
  "Patch",
  "Post",
  "Put",
  "ValidateBody",
  "ValidationError",
  "authWithJWT",
  "err",
  "notfound",
  "ok",
  "permits",
  "requires",
  "unauthorized",
  "HyperWorker",
  "Mailer",
  "queueAs",
  "producerOnly",
  "createApp",
  "shutDown",
  "createUseApp",
  "useWorkers",
  "usePortal",
  "useApp",
  "useModels",
  "useControllers",
  "useTasks",
  "useSeed",
  "runApp",
]
`;
